// Jest Snapshot v1, https://goo.gl/fbAQLP

exports[`<CourseEnrollments /> renders course enrollments correctly with error 1`] = `
<div
  className="fade alert-content alert alert-danger show"
  role="alert"
>
  <span
    className="pgn__icon alert-icon"
  >
    <svg
      aria-hidden="true"
      className="svg-inline--fa fa-exclamation-triangle fa-w-18 mr-2"
      data-icon="exclamation-triangle"
      data-prefix="fas"
      focusable="false"
      role="img"
      style={Object {}}
      viewBox="0 0 576 512"
      xmlns="http://www.w3.org/2000/svg"
    >
      <path
        d="M569.517 440.013C587.975 472.007 564.806 512 527.94 512H48.054c-36.937 0-59.999-40.055-41.577-71.987L246.423 23.985c18.467-32.009 64.72-31.951 83.154 0l239.94 416.028zM288 354c-25.405 0-46 20.595-46 46s20.595 46 46 46 46-20.595 46-46-20.595-46-46-46zm-43.673-165.346l7.418 136c.347 6.364 5.609 11.346 11.982 11.346h48.546c6.373 0 11.635-4.982 11.982-11.346l7.418-136c.375-6.874-5.098-12.654-11.982-12.654h-63.383c-6.884 0-12.356 5.78-11.981 12.654z"
        fill="currentColor"
        style={Object {}}
      />
    </svg>
  </span>
  <div
    className="pgn__alert-message-wrapper"
  >
    <div
      className="alert-message-content"
    >
      <div
        className="d-flex"
      >
        An error occurred while retrieving your course enrollments. Please try again.
      </div>
    </div>
  </div>
</div>
`;

exports[`<CourseEnrollments /> renders course enrollments correctly with loading 1`] = `
<div
  className="loading-spinner d-flex justify-content-center align-items-center"
>
  <div
    className="spinner-border text-primary"
    role="status"
  >
    <span
      className="sr-only"
    >
      loading course enrollments
    </span>
  </div>
</div>
`;

exports[`<CourseEnrollments /> renders course enrollments correctly with mark course as complete success status alert 1`] = `
<div
  className="fade alert-content alert alert-success show"
  role="alert"
>
  <span
    className="pgn__icon alert-icon"
  >
    <svg
      aria-hidden="true"
      className="svg-inline--fa fa-check-circle fa-w-16 mr-2"
      data-icon="check-circle"
      data-prefix="fas"
      focusable="false"
      role="img"
      style={Object {}}
      viewBox="0 0 512 512"
      xmlns="http://www.w3.org/2000/svg"
    >
      <path
        d="M504 256c0 136.967-111.033 248-248 248S8 392.967 8 256 119.033 8 256 8s248 111.033 248 248zM227.314 387.314l184-184c6.248-6.248 6.248-16.379 0-22.627l-22.627-22.627c-6.248-6.249-16.379-6.249-22.628 0L216 308.118l-70.059-70.059c-6.248-6.248-16.379-6.248-22.628 0l-22.627 22.627c-6.248 6.248-6.248 16.379 0 22.627l104 104c6.249 6.249 16.379 6.249 22.628.001z"
        fill="currentColor"
        style={Object {}}
      />
    </svg>
  </span>
  <div
    className="pgn__alert-message-wrapper"
  >
    <div
      className="alert-message-content"
    >
      <div
        className="d-flex"
      >
        Your course was marked as complete.
      </div>
    </div>
    <div
      className="pgn__alert-actions pgn__action-row"
    >
      <span
        className="pgn__action-row-spacer"
      />
      <button
        className="btn btn-tertiary btn-sm"
        disabled={false}
        onClick={[Function]}
        type="button"
      >
        Dismiss
      </button>
    </div>
  </div>
</div>
`;
